---
source: tui/src/chatwidget/tests/slash_commands.rs
expression: popup
---
  Select Pet
  Choose a pet to wake in the terminal.

  Type to filter pets...
  Disable terminal pets
  BSOD                   A tiny blue-screen
                         gremlin
  Dewey                  A tidy duck for calm
                         workspace days
  Fireball               Hot path energy for          Loading preview...
                         fast iteration
› Firefam                The original Firefam
                         companion
  Null Signal            Quiet signal from the
                         void
  Rocky                  A steady rock when
                         the diff gets large
  Seedy                  Small green shoots
                         for new ideas

  ↑/↓ Navigate · enter Select · tab Complete · esc to cancel
