---
source: tui/src/chatwidget/tests/guardian.rs
expression: normalize_snapshot_paths(term.backend().vt100().screen().contents())
---





✔ Auto-reviewer approved firefam to run rm -f /tmp/guardian-approved.sqlite this
  time
────────────────────────────────────────────────────────────────────────────────────────────────────────────────────────
  /tmp/project
› Ask Firefam to do anything
────────────────────────────────────────────────────────────────────────────────────────────────────────────────────────
  ? help · / commands and skills                                                           Read Only · gpt-5.5 default
