---
source: tui/src/chatwidget/tests/status_and_layout.rs
expression: normalize_snapshot_paths(term.backend().vt100().screen().contents())
---































● I’m going to search the repo for where “Change Approved” is rendered to update
  that view.
● Investigating rendering code (0s • esc to interrupt)

────────────────────────────────────────────────────────────────────────────────
  /tmp/project
› Summarize recent commits
────────────────────────────────────────────────────────────────────────────────
  tab to queue message                             Read Only · gpt-5.5 default
