---
source: tui/src/bottom_pane/chat_composer.rs
expression: terminal.backend()
---
"────────────────────────────────────────────────────────────────────────────────────────────────────"
"! git status                                                                                        "
"                                                                                                    "
"                                                                                                    "
"                                                                                                    "
"                                                                                                    "
"                                                                                                    "
"────────────────────────────────────────────────────────────────────────────────────────────────────"
"  ? help · / commands and skills                                                        Shell mode  "
