---
source: tui/src/bottom_pane/chat_composer.rs
expression: terminal.backend()
---
"────────────────────────────────────────────"
"› Ask Firefam to do anything                "
"                                            "
"                                            "
"                                            "
"                                            "
"                                            "
"────────────────────────────────────────────"
"  ? help · / commands a… 100% context left  "
