---
source: tui/src/bottom_pane/chat_composer.rs
expression: terminal.backend()
---
"▌ /pets  choose or hide the terminal pet                    "
"────────────────────────────────────────────────────────────"
"› /pet                                                      "
"────────────────────────────────────────────────────────────"
"  ↑/↓ Navigate · enter Select · tab Complete · esc to cancel"
