---
source: tui/src/bottom_pane/list_selection_view.rs
expression: "render_lines_with_width(&view, 40)"
---
                                        
  Select Approval Mode                  
                                        
› 1. Read Only (current)  Firefam can   
                          read files    
                                        
  Note: Use /setup-default-sandbox to   
  allow network access.                 
  ↑/↓ Navigate · enter Select · tab Comp
