---
source: tui/src/bottom_pane/chat_composer.rs
expression: terminal.backend()
---
"▌ $Firefam Debugger  Debug this Firefam checkout  [Skill]               "
"────────────────────────────────────────────────────────────────────────"
"› /fir                                                                  "
"                                                                        "
"                                                                        "
"                                                                        "
"                                                                        "
"────────────────────────────────────────────────────────────────────────"
"  ↑/↓ Navigate · enter Select · tab Complete · esc to cancel            "
