---
source: tui/src/bottom_pane/chat_composer.rs
expression: terminal.backend()
---
"▌ /resume  resume a saved chat                              "
"────────────────────────────────────────────────────────────"
"› /res                                                      "
"                                                            "
"────────────────────────────────────────────────────────────"
"  ↑/↓ Navigate · enter Select · tab Complete · esc to cancel"
