---
source: tui/src/bottom_pane/chat_composer.rs
expression: terminal.backend()
---
"                          "
"› Ask Firefam to do anyth "
"                          "
"                          "
"                          "
"                          "
"                          "
"                          "
"  Plan mode               "
